launches per window (joined, with behind1_15_h300): {'sep1819': 141, 'sep2021': 189, 'sep2223': 175, 'sep23day': 58, 'sep24paper': 51, 'sep25night': 8, 'sep25am': 4, 'sep25pm': 22, 'sep25eve2': 15}
duplicate cvs inside fit: 0  inside val: 0  fit/val overlap: 0

=== BASELINE fleets>=2 @k-2, behind1 h300
sep1819        fires  14  14.5/d  mean  +19.3%  med   +4.4%  win  71%  dead  21%  $ +2.17/burst  $ +31.6/day  $  +30.4 total
sep2021        fires  29  20.0/d  mean  +26.5%  med  +23.2%  win  72%  dead   0%  $ +3.11/burst  $ +62.3/day  $  +90.3 total
sep2223        fires  20  16.4/d  mean  +35.9%  med  +22.5%  win  65%  dead  15%  $ +4.34/burst  $ +71.1/day  $  +86.8 total
sep23day       fires  10  27.3/d  mean  +19.2%  med   -1.4%  win  50%  dead   0%  $ +2.16/burst  $ +59.0/day  $  +21.6 total
FIT pooled     fires  73  18.2/d  mean  +26.7%  med  +21.0%  win  67%  dead   8%  $ +3.14/burst  $ +57.3/day  $ +229.2 total
sep24paper     fires   9  24.0/d  mean   +1.8%  med   -4.3%  win  44%  dead   0%  $ -0.10/burst  $  -2.4/day  $   -0.9 total
sep25night     fires   1   2.7/d  mean +169.2%  med +169.2%  win 100%  dead   0%  $+21.66/burst  $ +57.8/day  $  +21.7 total
sep25am        fires   0
sep25pm        fires   1   3.6/d  mean   +9.2%  med   +9.2%  win 100%  dead   0%  $ +0.86/burst  $  +3.1/day  $   +0.9 total
sep25eve2      fires   1   8.7/d  mean  -10.5%  med  -10.5%  win   0%  dead   0%  $ -1.69/burst  $ -14.8/day  $   -1.7 total
VAL pooled     fires  12   8.5/d  mean  +15.3%  med   -0.9%  win  50%  dead   0%  $ +1.66/burst  $ +14.1/day  $  +19.9 total

=== borderline fleets>=2 @k-1, behind1 h300
sep1819        fires  25  26.0/d  mean  +18.2%  med  +11.3%  win  72%  dead  16%  $ +2.03/burst  $ +52.8/day  $  +50.8 total
sep2021        fires  61  42.1/d  mean  +14.3%  med  +13.6%  win  59%  dead   7%  $ +1.52/burst  $ +64.1/day  $  +93.0 total
sep2223        fires  48  39.3/d  mean  +28.2%  med  +13.4%  win  58%  dead  19%  $ +3.34/burst  $+131.3/day  $ +160.3 total
sep23day       fires  13  35.5/d  mean  +14.4%  med   -3.1%  win  46%  dead   0%  $ +1.54/burst  $ +54.5/day  $  +20.0 total
FIT pooled     fires 147  36.8/d  mean  +19.5%  med  +11.3%  win  60%  dead  12%  $ +2.20/burst  $ +81.0/day  $ +324.1 total
sep24paper     fires  17  45.3/d  mean  +19.4%  med   -0.2%  win  47%  dead   6%  $ +2.19/burst  $ +99.5/day  $  +37.3 total
sep25night     fires   3   8.0/d  mean  +81.7%  med  +85.2%  win  67%  dead   0%  $+10.29/burst  $ +82.3/day  $  +30.9 total
sep25am        fires   2   7.3/d  mean   -8.2%  med   -8.2%  win  50%  dead   0%  $ -1.40/burst  $ -10.2/day  $   -2.8 total
sep25pm        fires   4  14.5/d  mean  +17.8%  med  +10.9%  win  75%  dead   0%  $ +1.99/burst  $ +28.9/day  $   +7.9 total
sep25eve2      fires   4  34.9/d  mean  +11.1%  med   -5.8%  win  25%  dead   0%  $ +1.11/burst  $ +38.9/day  $   +4.5 total
VAL pooled     fires  30  21.2/d  mean  +22.5%  med   +1.1%  win  50%  dead   3%  $ +2.59/burst  $ +55.0/day  $  +77.8 total
