tapes read: 143; model check against hold_grid behind1_15_h15: max |diff| 0.00e+00, launches with |diff|>1e-6: 0

=== minOut guard with the build's quote at block k-2: refused fills scored -gas
  baseline fires refused by the guard: 3 of 85 (0x8701424d, 0xd8952fd6, 0xac044947); launches without a tape: 0
   sep1819        fires  14  14.5/d  mean  +19.3%  med   +4.4%  win  71%  dead  21%  $ +2.17/burst  $ +31.6/day  $  +30.4 total
   sep2021        fires  29  20.0/d  mean  +26.5%  med  +23.2%  win  72%  dead   0%  $ +3.11/burst  $ +62.3/day  $  +90.3 total
   sep2223        fires  20  16.4/d  mean  +24.9%  med   +8.3%  win  55%  dead  10%  $ +2.91/burst  $ +47.7/day  $  +58.3 total
   sep23day       fires  10  27.3/d  mean  +19.2%  med   -1.4%  win  50%  dead   0%  $ +2.16/burst  $ +59.0/day  $  +21.6 total
   FIT pooled     fires  73  18.2/d  mean  +23.7%  med  +18.2%  win  64%  dead   7%  $ +2.75/burst  $ +50.2/day  $ +200.6 total
   sep24paper     fires   9  24.0/d  mean   +1.8%  med   -4.3%  win  44%  dead   0%  $ -0.10/burst  $  -2.4/day  $   -0.9 total
   sep25night     fires   1   2.7/d  mean +169.2%  med +169.2%  win 100%  dead   0%  $+21.66/burst  $ +57.8/day  $  +21.7 total
   sep25am        fires   0
   sep25pm        fires   1   3.6/d  mean   +9.2%  med   +9.2%  win 100%  dead   0%  $ +0.86/burst  $  +3.1/day  $   +0.9 total
   sep25eve2      fires   1   8.7/d  mean  -10.5%  med  -10.5%  win   0%  dead   0%  $ -1.69/burst  $ -14.8/day  $   -1.7 total
   VAL pooled     fires  12   8.5/d  mean  +15.3%  med   -0.9%  win  50%  dead   0%  $ +1.66/burst  $ +14.1/day  $  +19.9 total
  BASE | (f@k-2==1 & bundle_eth<0.446)     _h300  FIT n= 85 +27.5% win 61% dead  6% $ 69.0/d | VAL n=13 +18.0% $ +26.2 | abcde  (added launches refused by the guard: 0; no tape: 0)
  BASE | (f@k-2==1 & bundle_eth<0.446)     _h150  FIT n= 85 +23.8% win 59% dead  5% $ 58.7/d | VAL n=13 +15.9% $ +22.6 | abcde  (added launches refused by the guard: 0; no tape: 0)
  BASE | (f@k-2==1 & bundle_eth>=1.5)      _h300  FIT n= 81 +24.1% win 63% dead  7% $ 56.7/d | VAL n=17 +19.2% $ +36.9 | abcde  (added launches refused by the guard: 0; no tape: 0)
  BASE | (f@k-2==1 & bundle_eth>=1.0)      _h300  FIT n= 89 +21.0% win 61% dead  9% $ 53.5/d | VAL n=19 +22.4% $ +49.1 | abcde  (added launches refused by the guard: 0; no tape: 0)
  BASE | (f@k-2==1 & bundle_eth>=0.836)    _h300  FIT n= 97 +18.8% win 59% dead 10% $ 51.2/d | VAL n=19 +22.4% $ +49.1 | abcde  (added launches refused by the guard: 0; no tape: 0)
  BASE & not creator repeat                _h300  FIT n= 72 +24.7% win 65% dead  6% $ 52.0/d | VAL n=12 +15.3% $ +19.9 | abcde  (added launches refused by the guard: 0; no tape: 0)
  BASE & relay fleets@k-2>=1               _h300  FIT n= 72 +24.2% win 65% dead  7% $ 50.6/d | VAL n=12 +15.3% $ +19.9 | abcde  (added launches refused by the guard: 0; no tape: 0)
  BASE & maxshots@k-2>=3                   _h300  FIT n= 65 +26.5% win 66% dead  6% $ 50.6/d | VAL n=10 +20.2% $ +22.9 | abcde  (added launches refused by the guard: 0; no tape: 0)
  BASE | (f@k-2==1 & k<=5)                 _h300  FIT n= 93 +20.7% win 61% dead  5% $ 55.0/d | VAL n=18 +17.1% $ +34.2 | abcde  (added launches refused by the guard: 4; no tape: 0)

=== minOut guard with the build's quote at block k-1: refused fills scored -gas
  baseline fires refused by the guard: 3 of 85 (0x8701424d, 0xd8952fd6, 0xac044947); launches without a tape: 0
   sep1819        fires  14  14.5/d  mean  +19.3%  med   +4.4%  win  71%  dead  21%  $ +2.17/burst  $ +31.6/day  $  +30.4 total
   sep2021        fires  29  20.0/d  mean  +26.5%  med  +23.2%  win  72%  dead   0%  $ +3.11/burst  $ +62.3/day  $  +90.3 total
   sep2223        fires  20  16.4/d  mean  +24.9%  med   +8.3%  win  55%  dead  10%  $ +2.91/burst  $ +47.7/day  $  +58.3 total
   sep23day       fires  10  27.3/d  mean  +19.2%  med   -1.4%  win  50%  dead   0%  $ +2.16/burst  $ +59.0/day  $  +21.6 total
   FIT pooled     fires  73  18.2/d  mean  +23.7%  med  +18.2%  win  64%  dead   7%  $ +2.75/burst  $ +50.2/day  $ +200.6 total
   sep24paper     fires   9  24.0/d  mean   +1.8%  med   -4.3%  win  44%  dead   0%  $ -0.10/burst  $  -2.4/day  $   -0.9 total
   sep25night     fires   1   2.7/d  mean +169.2%  med +169.2%  win 100%  dead   0%  $+21.66/burst  $ +57.8/day  $  +21.7 total
   sep25am        fires   0
   sep25pm        fires   1   3.6/d  mean   +9.2%  med   +9.2%  win 100%  dead   0%  $ +0.86/burst  $  +3.1/day  $   +0.9 total
   sep25eve2      fires   1   8.7/d  mean  -10.5%  med  -10.5%  win   0%  dead   0%  $ -1.69/burst  $ -14.8/day  $   -1.7 total
   VAL pooled     fires  12   8.5/d  mean  +15.3%  med   -0.9%  win  50%  dead   0%  $ +1.66/burst  $ +14.1/day  $  +19.9 total
  BASE | (f@k-2==1 & bundle_eth<0.446)     _h300  FIT n= 85 +27.5% win 61% dead  6% $ 69.0/d | VAL n=13 +18.0% $ +26.2 | abcde  (added launches refused by the guard: 0; no tape: 0)
  BASE | (f@k-2==1 & bundle_eth<0.446)     _h150  FIT n= 85 +23.8% win 59% dead  5% $ 58.7/d | VAL n=13 +15.9% $ +22.6 | abcde  (added launches refused by the guard: 0; no tape: 0)
  BASE | (f@k-2==1 & bundle_eth>=1.5)      _h300  FIT n= 81 +24.1% win 63% dead  7% $ 56.7/d | VAL n=17 +19.2% $ +36.9 | abcde  (added launches refused by the guard: 0; no tape: 0)
  BASE | (f@k-2==1 & bundle_eth>=1.0)      _h300  FIT n= 89 +21.0% win 61% dead  9% $ 53.5/d | VAL n=19 +22.4% $ +49.1 | abcde  (added launches refused by the guard: 0; no tape: 0)
  BASE | (f@k-2==1 & bundle_eth>=0.836)    _h300  FIT n= 97 +18.8% win 59% dead 10% $ 51.2/d | VAL n=19 +22.4% $ +49.1 | abcde  (added launches refused by the guard: 0; no tape: 0)
  BASE & not creator repeat                _h300  FIT n= 72 +24.7% win 65% dead  6% $ 52.0/d | VAL n=12 +15.3% $ +19.9 | abcde  (added launches refused by the guard: 0; no tape: 0)
  BASE & relay fleets@k-2>=1               _h300  FIT n= 72 +24.2% win 65% dead  7% $ 50.6/d | VAL n=12 +15.3% $ +19.9 | abcde  (added launches refused by the guard: 0; no tape: 0)
  BASE & maxshots@k-2>=3                   _h300  FIT n= 65 +26.5% win 66% dead  6% $ 50.6/d | VAL n=10 +20.2% $ +22.9 | abcde  (added launches refused by the guard: 0; no tape: 0)
  BASE | (f@k-2==1 & k<=5)                 _h300  FIT n= 93 +20.2% win 61% dead  6% $ 53.4/d | VAL n=18 +17.1% $ +34.2 | abcde  (added launches refused by the guard: 3; no tape: 0)

=== the creator-supply filter on the baseline gate (creator's launch-block buy / supply; the engine runs >= 1%)
  baseline fires: creator share quartiles [0.0076, 0.0114, 0.0164, 0.0283, 0.03]; below 1%: 11 of 85
  creator >=  0.0%: FIT n= 73 +26.7% win 67% dead  8% $ 57.3/d  per-window $/burst +2.17 +3.11 +4.34 +2.16 | VAL n=12 +15.3% $ +19.9 | -bcde
  creator >=  0.5%: FIT n= 71 +26.4% win 66% dead  8% $ 55.0/d  per-window $/burst +2.17 +2.99 +4.34 +2.14 | VAL n=10 +19.5% $ +22.0 | -bcde
  creator >=  1.0%: FIT n= 64 +29.3% win 67% dead  6% $ 55.7/d  per-window $/burst +2.36 +2.74 +6.09 +2.14 | VAL n=10 +19.5% $ +22.0 | -bcde
  creator >=  2.0%: FIT n= 34 +35.7% win 65% dead  3% $ 36.7/d  per-window $/burst +2.20 +2.19 +8.73 +2.25 | VAL n= 5 +28.5% $ +16.8 | -b-de
  creator >=  3.0%: FIT n= 17 +38.1% win 53% dead  0% $ 19.7/d  per-window $/burst +3.54 +3.45 +13.10 -1.18 | VAL n= 3 +55.4% $ +20.6 | --c--
  creator >=  5.0%: FIT n=  4 +23.7% win 50% dead  0% $  2.7/d  per-window $/burst +11.72 +0.58 -1.88  +nan | VAL n= 0  +nan% $  +0.0 | -----

=== everything the engine does in front of the gate that can be approximated, on BOTH sides: creator buy >= 1% of supply, creator repeat,
    k<=2 (un-aimable), one position at a time (hold/10 s), and the minOut guard (build quote at k-2) scored -gas
  baseline  FIT            fires  62  15.5/d  mean  +25.8%  med  +18.1%  win  65%  dead   5%  $ +3.03/burst  $ +47.0/day  $ +187.8 total
            VAL            fires  10   7.1/d  mean  +19.5%  med   -0.2%  win  50%  dead   0%  $ +2.20/burst  $ +15.6/day  $  +22.0 total
  BASE | (f@k-2==1 & bundle_eth<0.446)     _h300  FIT n= 73 +30.1% win 60% dead  4% $ 65.3/d | VAL n=11 +22.3% $ +28.3 | abcde
  BASE | (f@k-2==1 & bundle_eth<0.446)     _h150  FIT n= 74 +26.9% win 61% dead  4% $ 58.6/d | VAL n=11 +19.8% $ +24.6 | abcde
  BASE | (f@k-2==1 & bundle_eth>=1.5)      _h300  FIT n= 70 +26.1% win 63% dead  6% $ 53.5/d | VAL n=15 +22.5% $ +39.0 | abcde
  BASE | (f@k-2==1 & bundle_eth>=1.0)      _h300  FIT n= 78 +22.4% win 60% dead  8% $ 50.3/d | VAL n=17 +25.7% $ +51.2 | abcde
  BASE | (f@k-2==1 & bundle_eth>=0.836)    _h300  FIT n= 82 +20.3% win 60% dead 10% $ 47.2/d | VAL n=17 +25.7% $ +51.2 | abcde
  BASE & not creator repeat                _h300  FIT n= 62 +25.8% win 65% dead  5% $ 47.0/d | VAL n=10 +19.5% $ +22.0 | -bcde
  BASE & relay fleets@k-2>=1               _h300  FIT n= 61 +26.5% win 66% dead  5% $ 47.4/d | VAL n=10 +19.5% $ +22.0 | abcde
  BASE & maxshots@k-2>=3                   _h300  FIT n= 56 +28.0% win 66% dead  5% $ 46.4/d | VAL n= 9 +22.1% $ +22.9 | -bcde
  BASE | (f@k-2==1 & k<=5)                 _h300  FIT n= 75 +23.3% win 61% dead  4% $ 50.5/d | VAL n=15 +21.5% $ +36.9 | abcde
