baseline FIT $57.29/day; VAL $19.92 total, +15.31% a fire

variant                                                      hold    FIT $/d   VAL $ VAL mean |  t FIT  t VAL | FIT one-launch: $/d, (a) | VAL one-launch: $ total, mean, (c) strict | verdict
stage 1 BASE | (f@k-2==1 & bundle_eth<0.446)                 h300       76.1   +26.2   +18.0% |  +0.93   +nan | $  56.1 - (drop 0x39501200)        | $ +19.9 +15.3% - (drop 0x93d7d429)           | NOT PROVEN (barely clears c: one launch)
stage 1 BASE | (f@k-2==1 & bundle_eth<0.446)                 h150       62.2   +22.6   +15.9% |  +0.23  +0.32 | $  42.1 - (drop 0x39501200)        | $ +16.8 +13.3% - (drop 0x93d7d429)           | NOT PROVEN (barely clears c: one launch)
stage 1 BASE | (f@k-2==1 & bundle_eth>=1.5)                  h300       63.8   +36.9   +19.2% |  +0.83  +0.63 | $  58.0 a (drop 0xe52ce83c)        | $ +12.5  +8.5% - (drop 0x057d2437)           | NOT PROVEN (barely clears c: one launch)
stage 1 BASE | (f@k-2==1 & bundle_eth>=1.0)                  h300       60.6   +49.1   +22.4% |  +0.37  +0.98 | $  54.8 - (drop 0xe52ce83c)        | $ +24.7 +13.1% - (drop 0x057d2437)           | NOT PROVEN (barely clears c: one launch)
stage 1 BASE | (f@k-2==1 & bundle_eth>=0.836)                h300       58.3   +49.1   +22.4% |  +0.11  +0.98 | $  52.5 - (drop 0xe52ce83c)        | $ +24.7 +13.1% - (drop 0x057d2437)           | NOT PROVEN (barely clears c: one launch)
stage 1 BASE & not creator repeat                            h300       59.1   +19.9   +15.3% |   +nan   +nan | $  57.3 - (drop 0xa7b0955b)        | tie                                          | NOT PROVEN (VAL tie: same fires as the baseline)
stage 1 BASE & relay fleets@k-2>=1                           h300       57.8   +19.9   +15.3% |   +nan   +nan | $  57.3 - (drop 0x00e758bf)        | tie                                          | NOT PROVEN (VAL tie: same fires as the baseline)
stage 1 BASE & maxshots@k-2>=3                               h300       57.7   +22.9   +20.2% |  +0.17   +nan | $  56.2 - (drop 0xe07530aa)        | $ +20.8 +17.1% c (drop 0x2ad76f05)           | c survives one launch; FIT gain rests on one launch
stage 1 BASE | (f@k-2==1 & k<=5)                             h300       57.5   +30.7   +15.7% |  +0.03  +0.39 | $  54.3 - (drop 0xde81c961)        | $  +6.3  +5.4% - (drop 0x057d2437)           | NOT PROVEN (barely clears c: one launch)
stage 2 (BASE & not creator repeat) | (f==1 & bundle<0.446)  h150       63.9   +22.6   +15.9% |  +0.31  +0.32 | $  43.8 - (drop 0x39501200)        | $ +16.8 +13.3% - (drop 0x93d7d429)           | NOT PROVEN (barely clears c: one launch)
stage 2 (BASE & not creator repeat) | (f==1 & bundle<0.446)  h300       78.0   +26.2   +18.0% |  +1.03   +nan | $  57.9 a (drop 0x39501200)        | $ +19.9 +15.3% - (drop 0x93d7d429)           | NOT PROVEN (barely clears c: one launch)
stage 2 (BASE & not creator repeat) | (f==1 & bundle>=1.5)   h300       65.6   +36.9   +19.2% |  +1.06  +0.63 | $  59.8 a (drop 0xe52ce83c)        | $ +12.5  +8.5% - (drop 0x057d2437)           | NOT PROVEN (barely clears c: one launch)
stage 2 (BASE & not creator repeat) | (f==1 & bundle>=1.0)   h300       62.4   +49.1   +22.4% |  +0.57  +0.98 | $  56.6 - (drop 0xe52ce83c)        | $ +24.7 +13.1% - (drop 0x057d2437)           | NOT PROVEN (barely clears c: one launch)
stage 2 (BASE & not creator repeat) | (f==1 & bundle>=0.836) h300       60.1   +49.1   +22.4% |  +0.29  +0.98 | $  54.3 - (drop 0xe52ce83c)        | $ +24.7 +13.1% - (drop 0x057d2437)           | NOT PROVEN (barely clears c: one launch)
stage 2 (BASE & not creator repeat) | (f==1 & k<=5)          h300       59.3   +30.7   +15.7% |  +0.34  +0.39 | $  56.1 - (drop 0xde81c961)        | $  +6.3  +5.4% - (drop 0x057d2437)           | NOT PROVEN (barely clears c: one launch)
stage 2 (BASE & relay fleets@k-2>=1) | (f==1 & bundle<0.446) h150       62.6   +22.6   +15.9% |  +0.26  +0.32 | $  42.6 - (drop 0x39501200)        | $ +16.8 +13.3% - (drop 0x93d7d429)           | NOT PROVEN (barely clears c: one launch)
stage 2 (BASE & relay fleets@k-2>=1) | (f==1 & bundle<0.446) h300       76.6   +26.2   +18.0% |  +0.96   +nan | $  56.6 - (drop 0x39501200)        | $ +19.9 +15.3% - (drop 0x93d7d429)           | NOT PROVEN (barely clears c: one launch)
stage 2 (BASE & relay fleets@k-2>=1) | (f==1 & bundle>=1.5)  h300       64.3   +36.9   +19.2% |  +0.90  +0.63 | $  58.5 a (drop 0xe52ce83c)        | $ +12.5  +8.5% - (drop 0x057d2437)           | NOT PROVEN (barely clears c: one launch)
stage 2 (BASE & relay fleets@k-2>=1) | (f==1 & bundle>=1.0)  h300       61.1   +49.1   +22.4% |  +0.43  +0.98 | $  55.2 - (drop 0xe52ce83c)        | $ +24.7 +13.1% - (drop 0x057d2437)           | NOT PROVEN (barely clears c: one launch)
stage 2 (BASE & relay fleets@k-2>=1) | (f==1 & bundle>=0.836 h300       58.8   +49.1   +22.4% |  +0.15  +0.98 | $  52.9 - (drop 0xe52ce83c)        | $ +24.7 +13.1% - (drop 0x057d2437)           | NOT PROVEN (barely clears c: one launch)
stage 2 (BASE & relay fleets@k-2>=1) | (f==1 & k<=5)         h300       58.0   +30.7   +15.7% |  +0.12  +0.39 | $  54.8 - (drop 0xde81c961)        | $  +6.3  +5.4% - (drop 0x057d2437)           | NOT PROVEN (barely clears c: one launch)
stage 2 (BASE & maxshots@k-2>=3) | (f==1 & bundle<0.446)     h150       62.8   +23.6   +19.0% |  +0.26  +0.43 | $  42.7 - (drop 0x39501200)        | $ +17.9 +16.3% - (drop 0x93d7d429)           | NOT PROVEN (barely clears c: one launch)
stage 2 (BASE & maxshots@k-2>=3) | (f==1 & bundle<0.446)     h300       76.5   +29.2   +22.9% |  +0.95  +1.89 | $  56.5 - (drop 0x39501200)        | $ +22.9 +20.2% c (drop 0x93d7d429)           | c survives one launch; FIT gain rests on one launch
stage 2 (BASE & maxshots@k-2>=3) | (f==1 & bundle>=1.5)      h300       64.2   +39.9   +23.0% |  +0.86  +0.76 | $  58.4 a (drop 0xe52ce83c)        | $ +15.4 +11.0% - (drop 0x057d2437)           | NOT PROVEN (barely clears c: one launch)
stage 2 (BASE & maxshots@k-2>=3) | (f==1 & bundle>=1.0)      h300       61.0   +52.1   +26.1% |  +0.41  +1.09 | $  55.2 - (drop 0xe52ce83c)        | $ +27.7 +15.8% c (drop 0x057d2437)           | c survives one launch; FIT gain rests on one launch
stage 2 (BASE & maxshots@k-2>=3) | (f==1 & bundle>=0.836)    h300       58.7   +52.1   +26.1% |  +0.14  +1.09 | $  52.9 - (drop 0xe52ce83c)        | $ +27.7 +15.8% c (drop 0x057d2437)           | c survives one launch; FIT gain rests on one launch
stage 2 (BASE & maxshots@k-2>=3) | (f==1 & k<=5)             h300       57.9   +33.7   +18.7% |  +0.10  +0.51 | $  54.7 - (drop 0xde81c961)        | $  +9.3  +7.3% - (drop 0x057d2437)           | NOT PROVEN (barely clears c: one launch)
stage 2 (BASE & fleets>=1@k-3) | (f==1 & bundle>=1.0)        h300       61.7   +32.9   +19.4% |  +0.49  +0.34 | $  55.8 - (drop 0xe52ce83c)        | $  +8.5  +7.2% - (drop 0x057d2437)           | NOT PROVEN (barely clears c: one launch)
stage 2 (BASE & fleets>=1@k-3) | (f==1 & bundle>=0.836)      h300       59.4   +32.9   +19.4% |  +0.21  +0.34 | $  53.5 - (drop 0xe52ce83c)        | $  +8.5  +7.2% - (drop 0x057d2437)           | NOT PROVEN (barely clears c: one launch)
