un-aimable k<=2 launches excluded from every candidate: True
baseline FIT:                fires  73  18.2/d  mean  +26.7%  med  +21.0%  win  67%  dead   8%  $ +3.14/burst  $ +57.3/day  $ +229.2 total
baseline VAL:                fires  12   8.5/d  mean  +15.3%  med   -0.9%  win  50%  dead   0%  $ +1.66/burst  $ +14.1/day  $  +19.9 total

candidates: 344 rules x 9 holds = 3096 variants (2151 distinct fire-set/hold combinations)
fit-qualified (a,b,d,e on FIT): 19; pass all five (incl. c on VAL): 9
  criterion a met by 155
  criterion b met by 1733
  criterion c met by 678
  criterion d met by 1194
  criterion e met by 2754

=== fit-qualified variants, by FIT $/day (criteria string: a letter = met)
BASE | (f@k-2==0 & named<4)                                h300           FIT n=131 +22.4% win 64% dead  9% $ 84.7/d | VAL n= 25  +8.5% $ +19.3 | ab-de
BASE | (f@k-2<2 & named<4)                                 h300           FIT n=145 +20.0% win 63% dead 10% $ 82.1/d | VAL n= 26 +10.1% $ +25.5 | ab-de
BASE | (f@k-2==1 & bundle_eth<0.446)                       h300           FIT n= 85 +30.1% win 64% dead  7% $ 76.1/d | VAL n= 13 +18.0% $ +26.2 | abcde
BASE | (f@k-2==1 & named>=15)                              h150           FIT n=115 +20.8% win 58% dead  9% $ 68.4/d | VAL n= 16 +10.2% $ +16.0 | ab-de
BASE | (f@k-2==1 & bundle_eth>=1.5)                        h300           FIT n= 81 +26.8% win 65% dead  9% $ 63.8/d | VAL n= 17 +19.2% $ +36.9 | abcde
BASE | (f@k-2==0 & k<=4)                                   h150           FIT n=156 +15.0% win 59% dead  5% $ 63.2/d | VAL n= 28  +8.7% $ +22.5 | ab-de
BASE | (f@k-2==1 & bundle_eth<0.446)                       h150           FIT n= 85 +25.0% win 61% dead  6% $ 62.2/d | VAL n= 13 +15.9% $ +22.6 | abcde
BASE | (f@k-2<2 & bundle_eth>=1.5)                         h300           FIT n= 95 +22.6% win 58% dead  7% $ 62.0/d | VAL n= 23 +11.4% $ +26.5 | ab-de
BASE | (f@k-2==1 & bundle_eth>=1.0)                        h300           FIT n= 89 +23.5% win 63% dead 10% $ 60.6/d | VAL n= 19 +22.4% $ +49.1 | abcde
BASE & not creator repeat                                  h300           FIT n= 72 +27.8% win 68% dead  7% $ 59.1/d | VAL n= 12 +15.3% $ +19.9 | abcde
BASE | (f@k-2<2 & k<=4)                                    h150           FIT n=166 +13.4% win 57% dead  5% $ 58.8/d | VAL n= 31 +12.7% $ +41.0 | ab-de
fleets>=2@k-2 & fleets>=1@k-3                              h300           FIT n= 64 +30.6% win 67% dead  8% $ 58.4/d | VAL n=  8  +6.1% $  +3.7 | ab-de
BASE & arr1>=3                                             h300           FIT n= 64 +30.6% win 67% dead  8% $ 58.4/d | VAL n=  8  +6.1% $  +3.7 | ab-de
BASE | (f@k-2==1 & bundle_eth>=0.836)                      h300           FIT n= 97 +21.0% win 61% dead 11% $ 58.3/d | VAL n= 19 +22.4% $ +49.1 | abcde
BASE | (f@k-2==1 & only h06-11)                            h300           FIT n= 79 +25.1% win 66% dead  8% $ 58.0/d | VAL n= 13 +12.5% $ +16.9 | ab-de
BASE & relay fleets@k-2>=1                                 h300           FIT n= 72 +27.2% win 68% dead  8% $ 57.8/d | VAL n= 12 +15.3% $ +19.9 | abcde
BASE & maxshots@k-2>=3                                     h300           FIT n= 65 +29.8% win 69% dead  8% $ 57.7/d | VAL n= 10 +20.2% $ +22.9 | abcde
fleets>=2@k-2 & wallets>=1@k-3                             h300           FIT n= 63 +30.7% win 67% dead  8% $ 57.6/d | VAL n=  8  +6.1% $  +3.7 | ab-de
BASE | (f@k-2==1 & k<=5)                                   h300           FIT n= 93 +21.6% win 63% dead  9% $ 57.5/d | VAL n= 18 +15.7% $ +30.7 | abcde

=== all variants by FIT $/day, top 40
BASE | (f@k-2==0 & named<4)                                stop20_h600    FIT n=131 +24.9% win 51% dead  2% $ 95.2/d | VAL n= 25  +9.1% $ +21.3 | ab--e
BASE | (f@k-2==0 & named<4)                                h600           FIT n=131 +24.8% win 56% dead 18% $ 95.0/d | VAL n= 25  +9.4% $ +22.4 | ab--e
BASE | (f@k-2<2 & named<4)                                 stop20_h600    FIT n=145 +22.1% win 50% dead  1% $ 92.1/d | VAL n= 26 +10.5% $ +27.1 | a---e
BASE | (f@k-2<2 & named<4)                                 h600           FIT n=145 +21.7% win 54% dead 18% $ 90.2/d | VAL n= 26 +10.9% $ +28.2 | ab--e
BASE | (f@k-2==0 & named<4)                                h300           FIT n=131 +22.4% win 64% dead  9% $ 84.7/d | VAL n= 25  +8.5% $ +19.3 | ab-de
BASE | (f@k-2<2 & named<4)                                 h300           FIT n=145 +20.0% win 63% dead 10% $ 82.1/d | VAL n= 26 +10.1% $ +25.5 | ab-de
BASE | (f@k-2<2 & bundle_eth<0.446)                        stop20_h600    FIT n=184 +16.2% win 40% dead  5% $ 81.5/d | VAL n= 26 +10.5% $ +26.8 | a---e
BASE | (f@k-2<2 & bundle_eth<0.446)                        h300           FIT n=184 +15.9% win 49% dead 15% $ 79.7/d | VAL n= 26  +9.7% $ +24.2 | a---e
BASE | (f@k-2==1 & direct fleets@k-2==0)                   stop20_h600    FIT n=153 +18.4% win 46% dead  1% $ 78.7/d | VAL n= 25 +25.9% $ +76.0 | abc-e
BASE | (f@k-2==1 & relay fleets@k-2>=1)                    stop20_h600    FIT n=153 +18.4% win 46% dead  1% $ 78.7/d | VAL n= 25 +25.9% $ +76.0 | abc-e
BASE | (f@k-2<2 & relay fleets@k-2>=1)                     stop20_h600    FIT n=153 +18.4% win 46% dead  1% $ 78.7/d | VAL n= 25 +25.9% $ +76.0 | abc-e
BASE | (f@k-2==1 & maxw@k-2<5)                             stop20_h600    FIT n=151 +18.2% win 46% dead  3% $ 76.6/d | VAL n= 23 +27.5% $ +74.5 | abc-e
BASE | (f@k-2==0 & named<5)                                stop20_h600    FIT n=209 +13.8% win 45% dead  3% $ 76.5/d | VAL n= 34  +7.5% $ +22.1 | a---e
BASE | (f@k-2==1 & k>=8)                                   stop20_h600    FIT n=107 +24.5% win 49% dead  3% $ 76.4/d | VAL n= 17 +23.6% $ +46.6 | abc-e
BASE | (f@k-2==1 & bundle_eth<0.446)                       h300           FIT n= 85 +30.1% win 64% dead  7% $ 76.1/d | VAL n= 13 +18.0% $ +26.2 | abcde
BASE | (f@k-2==1 & maxw@k-2<2)                             stop20_h600    FIT n=149 +18.1% win 46% dead  3% $ 75.2/d | VAL n= 22 +26.6% $ +68.7 | abc-e
BASE | (f@k-2==1 & maxw@k-2<3)                             stop20_h600    FIT n=150 +17.9% win 46% dead  3% $ 75.1/d | VAL n= 22 +26.6% $ +68.7 | abc-e
BASE | (f@k-2==1 & maxw@k-2<10)                            stop20_h600    FIT n=154 +17.5% win 45% dead  3% $ 74.8/d | VAL n= 24 +26.0% $ +73.3 | abc-e
BASE | (f@k-2==1 & named>=15)                              stop20_h600    FIT n=115 +22.5% win 48% dead  1% $ 74.5/d | VAL n= 16 +19.9% $ +36.1 | abc-e
wallets>=1@k-2                                             stop20_h600    FIT n=138 +19.0% win 45% dead  3% $ 73.8/d | VAL n= 25 +25.9% $ +76.0 | abc-e
BASE | (f@k-2==1 & w@k-2>=1)                               stop20_h600    FIT n=138 +19.0% win 45% dead  3% $ 73.8/d | VAL n= 25 +25.9% $ +76.0 | abc-e
BASE | (f@k-2<2 & w@k-2>=1)                                stop20_h600    FIT n=138 +19.0% win 45% dead  3% $ 73.8/d | VAL n= 25 +25.9% $ +76.0 | abc-e
BASE | (f@k-2==1 & named>=5)                               stop20_h600    FIT n=142 +18.5% win 44% dead  3% $ 73.6/d | VAL n= 23 +27.5% $ +74.6 | abc-e
BASE | (f@k-2==1 & shots@k-2<20)                           stop20_h600    FIT n=135 +19.3% win 47% dead  3% $ 73.5/d | VAL n= 24 +26.0% $ +73.3 | abc-e
BASE | (f@k-2==1 & not h12-17)                             stop20_h600    FIT n=137 +18.9% win 47% dead  1% $ 73.0/d | VAL n= 21 +26.8% $ +66.2 | abc-e
BASE | (f@k-2==1 & named>=4)                               stop20_h600    FIT n=150 +17.5% win 45% dead  3% $ 73.0/d | VAL n= 24 +25.0% $ +70.2 | abc-e
BASE | (f@k-2==1 & tier>2%)                                stop20_h600    FIT n=126 +20.3% win 46% dead  3% $ 72.9/d | VAL n= 24 +26.8% $ +75.6 | abc-e
BASE | (f@k-2<2 & named<5)                                 stop20_h600    FIT n=231 +12.2% win 45% dead  3% $ 72.7/d | VAL n= 36  +7.6% $ +23.6 | a---e
BASE | (f@k-2==1 & not h00-05)                             stop20_h600    FIT n=158 +16.7% win 44% dead  3% $ 72.6/d | VAL n= 25 +25.9% $ +76.0 | abc-e
BASE | (f@k-2==1 & k>=7)                                   stop20_h600    FIT n=124 +20.5% win 45% dead  3% $ 72.5/d | VAL n= 18 +25.2% $ +53.1 | abc-e
BASE | (f@k-2<2 & bundle_eth<0.628)                        stop20_h600    FIT n=287 +10.3% win 37% dead  3% $ 72.2/d | VAL n= 41 +10.5% $ +42.5 | a---e
BASE | (f@k-2<2 & named>=15)                               stop20_h600    FIT n=163 +16.2% win 42% dead  1% $ 72.2/d | VAL n= 23 +15.6% $ +39.0 | abc-e
BASE | (f@k-2==1 & only h18-23)                            stop20_h600    FIT n=125 +20.1% win 46% dead  2% $ 71.5/d | VAL n= 20 +29.8% $ +70.8 | abc-e
BASE | (f@k-2==1 & shots@k-2<5)                            stop20_h600    FIT n=112 +22.1% win 48% dead  4% $ 71.3/d | VAL n= 20 +20.3% $ +46.2 | abc-e
BASE | (f@k-2==1 & not creator repeat)                     stop20_h600    FIT n=163 +15.9% win 44% dead  2% $ 70.9/d | VAL n= 25 +25.9% $ +76.0 | abc-e
BASE | (f@k-2==1 & k>=5)                                   stop20_h600    FIT n=154 +16.7% win 44% dead  3% $ 70.7/d | VAL n= 22 +22.7% $ +57.8 | abc-e
BASE | (f@k-2==1 & direct fleets@k-2==0)                   h150           FIT n=153 +16.6% win 54% dead  7% $ 70.0/d | VAL n= 25 +16.1% $ +43.9 | abc-e
BASE | (f@k-2==1 & relay fleets@k-2>=1)                    h150           FIT n=153 +16.6% win 54% dead  7% $ 70.0/d | VAL n= 25 +16.1% $ +43.9 | abc-e
BASE | (f@k-2<2 & relay fleets@k-2>=1)                     h150           FIT n=153 +16.6% win 54% dead  7% $ 70.0/d | VAL n= 25 +16.1% $ +43.9 | abc-e
BASE | (f@k-2==1 & named>=10)                              stop20_h600    FIT n=122 +20.2% win 46% dead  2% $ 69.9/d | VAL n= 18 +23.5% $ +49.1 | abc-e
