un-aimable k<=2 launches excluded from every candidate: False
baseline FIT:                fires  73  18.2/d  mean  +26.7%  med  +21.0%  win  67%  dead   8%  $ +3.14/burst  $ +57.3/day  $ +229.2 total
baseline VAL:                fires  12   8.5/d  mean  +15.3%  med   -0.9%  win  50%  dead   0%  $ +1.66/burst  $ +14.1/day  $  +19.9 total

candidates: 344 rules x 9 holds = 3096 variants (2160 distinct fire-set/hold combinations)
fit-qualified (a,b,d,e on FIT): 16; pass all five (incl. c on VAL): 9
  criterion a met by 219
  criterion b met by 1755
  criterion c met by 698
  criterion d met by 1182
  criterion e met by 2754

=== fit-qualified variants, by FIT $/day (criteria string: a letter = met)
BASE | (f@k-2==0 & named<4)                                h300           FIT n=154 +21.9% win 60% dead 10% $ 96.8/d | VAL n= 31  +3.4% $  +3.6 | ab-de
BASE | (f@k-2<2 & named<4)                                 h300           FIT n=168 +19.8% win 60% dead 10% $ 94.1/d | VAL n= 32  +4.9% $  +9.8 | ab-de
BASE | (f@k-2==1 & bundle_eth<0.446)                       h300           FIT n= 85 +30.1% win 64% dead  7% $ 76.1/d | VAL n= 13 +18.0% $ +26.2 | abcde
BASE | (f@k-2==1 & named>=15)                              h150           FIT n=115 +20.8% win 58% dead  9% $ 68.4/d | VAL n= 16 +10.2% $ +16.0 | ab-de
BASE | (f@k-2==1 & bundle_eth>=1.5)                        h300           FIT n= 81 +26.8% win 65% dead  9% $ 63.8/d | VAL n= 17 +19.2% $ +36.9 | abcde
BASE | (f@k-2==1 & bundle_eth<0.446)                       h150           FIT n= 85 +25.0% win 61% dead  6% $ 62.2/d | VAL n= 13 +15.9% $ +22.6 | abcde
BASE | (f@k-2==1 & bundle_eth>=1.0)                        h300           FIT n= 89 +23.5% win 63% dead 10% $ 60.6/d | VAL n= 19 +22.4% $ +49.1 | abcde
BASE & not creator repeat                                  h300           FIT n= 72 +27.8% win 68% dead  7% $ 59.1/d | VAL n= 12 +15.3% $ +19.9 | abcde
fleets>=2@k-2 & fleets>=1@k-3                              h300           FIT n= 64 +30.6% win 67% dead  8% $ 58.4/d | VAL n=  8  +6.1% $  +3.7 | ab-de
BASE & arr1>=3                                             h300           FIT n= 64 +30.6% win 67% dead  8% $ 58.4/d | VAL n=  8  +6.1% $  +3.7 | ab-de
BASE | (f@k-2==1 & bundle_eth>=0.836)                      h300           FIT n= 97 +21.0% win 61% dead 11% $ 58.3/d | VAL n= 19 +22.4% $ +49.1 | abcde
BASE | (f@k-2==1 & only h06-11)                            h300           FIT n= 79 +25.1% win 66% dead  8% $ 58.0/d | VAL n= 13 +12.5% $ +16.9 | ab-de
BASE & relay fleets@k-2>=1                                 h300           FIT n= 72 +27.2% win 68% dead  8% $ 57.8/d | VAL n= 12 +15.3% $ +19.9 | abcde
BASE & maxshots@k-2>=3                                     h300           FIT n= 65 +29.8% win 69% dead  8% $ 57.7/d | VAL n= 10 +20.2% $ +22.9 | abcde
fleets>=2@k-2 & wallets>=1@k-3                             h300           FIT n= 63 +30.7% win 67% dead  8% $ 57.6/d | VAL n=  8  +6.1% $  +3.7 | ab-de
BASE | (f@k-2==1 & k<=5)                                   h300           FIT n= 93 +21.6% win 63% dead  9% $ 57.5/d | VAL n= 18 +15.7% $ +30.7 | abcde

=== all variants by FIT $/day, top 40
BASE | (f@k-2==0 & named<4)                                stop20_h600    FIT n=154 +24.6% win 50% dead  1% $110.3/d | VAL n= 31  +5.0% $ +10.0 | ab--e
BASE | (f@k-2==0 & named<4)                                h600           FIT n=154 +24.4% win 55% dead 17% $109.4/d | VAL n= 31  +4.6% $  +8.4 | ab--e
BASE | (f@k-2<2 & named<4)                                 stop20_h600    FIT n=168 +22.2% win 49% dead  1% $107.2/d | VAL n= 32  +6.3% $ +15.8 | ab--e
BASE | (f@k-2<2 & named<4)                                 h600           FIT n=168 +21.7% win 53% dead 17% $104.7/d | VAL n= 32  +5.9% $ +14.2 | ab--e
BASE | (f@k-2<2 & tier>2%)                                 stop20_h600    FIT n=429  +9.7% win 40% dead  6% $ 99.3/d | VAL n= 87  +8.6% $ +68.0 | a---e
BASE | (f@k-2<2 & named<6)                                 stop20_h600    FIT n=362 +10.9% win 42% dead  7% $ 98.6/d | VAL n= 67  +9.0% $ +56.2 | a---e
BASE | (f@k-2==0 & k<=4)                                   h300           FIT n=247 +14.8% win 51% dead 13% $ 98.5/d | VAL n= 47  +8.4% $ +36.0 | ab--e
BASE | (f@k-2==0 & named<5)                                stop20_h600    FIT n=254 +14.4% win 46% dead  4% $ 97.6/d | VAL n= 45  +3.4% $  +4.9 | a---e
BASE | (f@k-2==0 & k<=4)                                   stop20_h600    FIT n=247 +14.7% win 45% dead  6% $ 97.4/d | VAL n= 47 +16.3% $ +84.2 | abc-e
BASE | (f@k-2==0 & named<4)                                h300           FIT n=154 +21.9% win 60% dead 10% $ 96.8/d | VAL n= 31  +3.4% $  +3.6 | ab-de
BASE | (f@k-2<2 & k<=4)                                    stop20_h600    FIT n=257 +14.1% win 45% dead  6% $ 96.6/d | VAL n= 50 +18.3% $+102.4 | abc-e
BASE | (f@k-2<2 & k<=4)                                    h300           FIT n=257 +14.0% win 51% dead 13% $ 96.0/d | VAL n= 50 +10.9% $ +54.5 | ab--e
BASE | (f@k-2==0 & named<6)                                stop20_h600    FIT n=324 +11.6% win 42% dead  7% $ 95.5/d | VAL n= 61  +6.3% $ +29.7 | a---e
BASE | (f@k-2<2 & named<4)                                 h300           FIT n=168 +19.8% win 60% dead 10% $ 94.1/d | VAL n= 32  +4.9% $  +9.8 | ab-de
BASE | (f@k-2<2 & named<5)                                 stop20_h600    FIT n=276 +13.0% win 46% dead  3% $ 93.8/d | VAL n= 47  +3.6% $  +6.4 | a---e
BASE | (f@k-2<2 & k<=5)                                    stop20_h600    FIT n=302 +12.0% win 43% dead  7% $ 92.7/d | VAL n= 62 +12.7% $ +82.2 | ab--e
BASE | (f@k-2==0 & k<=5)                                   stop20_h600    FIT n=282 +12.5% win 43% dead  7% $ 91.2/d | VAL n= 56 +12.1% $ +69.6 | ab--e
BASE | (f@k-2<2 & bundle_eth<0.446)                        stop20_h600    FIT n=201 +16.0% win 39% dead  5% $ 88.3/d | VAL n= 28 +10.1% $ +27.7 | ab--e
BASE | (f@k-2<2 & k<=5)                                    h300           FIT n=302 +11.4% win 48% dead 14% $ 86.9/d | VAL n= 62  +6.8% $ +34.2 | ab--e
BASE | (f@k-2==0 & k<=5)                                   h300           FIT n=282 +12.0% win 48% dead 14% $ 86.7/d | VAL n= 56  +5.8% $ +23.4 | ab--e
BASE | (f@k-2<2 & direct fleets@k-2==0)                    stop20_h600    FIT n=552  +7.3% win 38% dead  6% $ 85.4/d | VAL n=100 +12.1% $+124.6 | a---e
BASE | (f@k-2==0 & named<10)                               stop20_h600    FIT n=354  +9.9% win 41% dead  8% $ 85.0/d | VAL n= 65  +7.5% $ +41.6 | a---e
BASE | (f@k-2<2 & named<10)                                stop20_h600    FIT n=396  +9.1% win 40% dead  8% $ 85.0/d | VAL n= 72  +9.9% $ +68.6 | a---e
BASE | (f@k-2==0 & k<=4)                                   h150           FIT n=247 +13.1% win 53% dead  5% $ 84.8/d | VAL n= 47  +5.2% $ +16.6 | ab--e
BASE | (f@k-2==0 & k<=7)                                   stop20_h600    FIT n=393  +9.1% win 39% dead  7% $ 83.6/d | VAL n= 72  +9.2% $ +62.7 | a---e
BASE | (f@k-2<2 & maxw@k-2<5)                              stop20_h600    FIT n=550  +7.2% win 38% dead  6% $ 83.3/d | VAL n= 98 +12.2% $+123.1 | a---e
BASE | (f@k-2<2 & not h00-05)                              stop20_h600    FIT n=526  +7.4% win 38% dead  6% $ 82.6/d | VAL n= 97 +10.6% $+102.1 | a---e
BASE | (f@k-2<2 & maxw@k-2<2)                              stop20_h600    FIT n=548  +7.1% win 38% dead  6% $ 81.9/d | VAL n= 97 +11.8% $+117.3 | a---e
BASE | (f@k-2<2 & maxw@k-2<3)                              stop20_h600    FIT n=549  +7.1% win 38% dead  6% $ 81.8/d | VAL n= 97 +11.8% $+117.3 | a---e
BASE | (f@k-2<2 & maxw@k-2<10)                             stop20_h600    FIT n=553  +7.1% win 38% dead  6% $ 81.5/d | VAL n= 99 +12.0% $+121.8 | a---e
BASE | (f@k-2<2 & not creator repeat)                      stop20_h600    FIT n=559  +7.0% win 38% dead  6% $ 80.5/d | VAL n=100 +12.1% $+124.6 | a---e
BASE | (f@k-2<2 & k<=4)                                    h150           FIT n=257 +12.2% win 52% dead  5% $ 80.4/d | VAL n= 50  +7.9% $ +35.0 | ab--e
BASE | (f@k-2<2 & shots@k-2<20)                            stop20_h600    FIT n=534  +7.2% win 38% dead  6% $ 80.2/d | VAL n= 99 +12.0% $+121.8 | a---e
BASE | (f@k-2==0 & k<=6)                                   stop20_h600    FIT n=333  +9.9% win 42% dead  7% $ 79.5/d | VAL n= 66 +11.7% $ +79.0 | ab--e
BASE | (f@k-2==1 & direct fleets@k-2==0)                   stop20_h600    FIT n=153 +18.4% win 46% dead  1% $ 78.7/d | VAL n= 25 +25.9% $ +76.0 | abc-e
BASE | (f@k-2==1 & relay fleets@k-2>=1)                    stop20_h600    FIT n=153 +18.4% win 46% dead  1% $ 78.7/d | VAL n= 25 +25.9% $ +76.0 | abc-e
BASE | (f@k-2<2 & relay fleets@k-2>=1)                     stop20_h600    FIT n=153 +18.4% win 46% dead  1% $ 78.7/d | VAL n= 25 +25.9% $ +76.0 | abc-e
BASE | (f@k-2<2 & shots@k-2<5)                             stop20_h600    FIT n=511  +7.2% win 38% dead  6% $ 78.0/d | VAL n= 95 +10.2% $ +94.7 | a---e
BASE | (f@k-2==0 & k<=4)                                   h600           FIT n=247 +12.2% win 47% dead 21% $ 77.9/d | VAL n= 47 +15.0% $ +76.4 | ab--e
BASE | (f@k-2==0 & tier>2%)                                stop20_h600    FIT n=376  +8.9% win 40% dead  6% $ 77.3/d | VAL n= 75  +3.6% $ +10.3 | a---e
