
### BASELINE fleets>=2 @k-2, behind one, 300 blocks   [behind1_15_h300]
  window       fires  /day    mean  median  win dead  $/burst   $/day  $ total
  sep1819         14  14.5  +19.3%   +4.4%  71%  21%    +2.17   +31.6    +30.4
  sep2021         29  20.0  +26.5%  +23.2%  72%   0%    +3.11   +62.3    +90.3
  sep2223         20  16.4  +35.9%  +22.5%  65%  15%    +4.34   +71.1    +86.8
  sep23day        10  27.3  +19.2%   -1.4%  50%   0%    +2.16   +59.0    +21.6
  FIT pooled      73  18.2  +26.7%  +21.0%  67%   8%    +3.14   +57.3   +229.2
  sep24paper       9  24.0   +1.8%   -4.3%  44%   0%    -0.10    -2.4     -0.9
  sep25night       1   2.7 +169.2% +169.2% 100%   0%   +21.66   +57.8    +21.7
  sep25am          0
  sep25pm          1   3.6   +9.2%   +9.2% 100%   0%    +0.86    +3.1     +0.9
  sep25eve2        1   8.7  -10.5%  -10.5%   0%   0%    -1.69   -14.8     -1.7
  VAL pooled      12   8.5  +15.3%   -0.9%  50%   0%    +1.66   +14.1    +19.9

### PASS #1 BASE | (f@k-2==1 & bundle_eth<0.446)   [behind1_15_h300]
  window       fires  /day    mean  median  win dead  $/burst   $/day  $ total
  sep1819         18  18.7  +13.9%   +0.8%  61%  17%    +1.48   +27.6    +26.6
  sep2021         34  23.4  +22.0%  +22.1%  68%   0%    +2.53   +59.2    +85.9
  sep2223         21  17.2  +63.7%  +24.4%  67%  14%    +7.95  +136.8   +167.0
  sep23day        12  32.7  +18.7%   -1.4%  50%   0%    +2.10   +68.6    +25.2
  FIT pooled      85  21.2  +30.1%  +15.7%  64%   7%    +3.58   +76.1   +304.6
  sep24paper      10  26.7   +6.6%   -0.9%  50%   0%    +0.53   +14.2     +5.3
  sep25night       1   2.7 +169.2% +169.2% 100%   0%   +21.66   +57.8    +21.7
  sep25am          0
  sep25pm          1   3.6   +9.2%   +9.2% 100%   0%    +0.86    +3.1     +0.9
  sep25eve2        1   8.7  -10.5%  -10.5%   0%   0%    -1.69   -14.8     -1.7
  VAL pooled      13   9.2  +18.0%   +2.4%  54%   0%    +2.01   +18.5    +26.2

### PASS #2 BASE | (f@k-2==1 & bundle_eth>=1.5)   [behind1_15_h300]
  window       fires  /day    mean  median  win dead  $/burst   $/day  $ total
  sep1819         17  17.7   +9.1%   +1.1%  59%  24%    +0.86   +15.1    +14.6
  sep2021         32  22.1  +30.8%  +23.7%  72%   0%    +3.67   +80.9   +117.4
  sep2223         22  18.0  +38.1%  +22.5%  68%  14%    +4.62   +83.3   +101.7
  sep23day        10  27.3  +19.2%   -1.4%  50%   0%    +2.16   +59.0    +21.6
  FIT pooled      81  20.2  +26.8%  +20.6%  65%   9%    +3.15   +63.8   +255.3
  sep24paper      11  29.3  +15.1%   -4.3%  45%   9%    +1.63   +47.8    +17.9
  sep25night       1   2.7 +169.2% +169.2% 100%   0%   +21.66   +57.8    +21.7
  sep25am          0
  sep25pm          3  10.9   +4.8%   +9.2%  67%   0%    +0.30    +3.3     +0.9
  sep25eve2        2  17.5  -11.2%  -11.2%   0%   0%    -1.78   -31.2     -3.6
  VAL pooled      17  12.0  +19.2%   -4.3%  47%   6%    +2.17   +26.1    +36.9

### PASS #3 BASE | (f@k-2==1 & bundle_eth<0.446)   [behind1_15_h150]
  window       fires  /day    mean  median  win dead  $/burst   $/day  $ total
  sep1819         18  18.7   +7.3%   -5.4%  44%  17%    +0.62   +11.7    +11.2
  sep2021         34  23.4  +17.9%  +13.8%  71%   0%    +1.99   +46.8    +67.8
  sep2223         21  17.2  +58.6%  +17.8%  71%  10%    +7.29  +125.4   +153.1
  sep23day        12  32.7  +13.1%   -2.7%  42%   0%    +1.38   +45.0    +16.5
  FIT pooled      85  21.2  +25.0%   +7.2%  61%   6%    +2.93   +62.2   +248.7
  sep24paper      10  26.7   +6.4%   +0.1%  50%   0%    +0.51   +13.5     +5.1
  sep25night       1   2.7 +139.7% +139.7% 100%   0%   +17.83   +47.5    +17.8
  sep25am          0
  sep25pm          1   3.6   +6.6%   +6.6% 100%   0%    +0.53    +1.9     +0.5
  sep25eve2        1   8.7   -4.2%   -4.2%   0%   0%    -0.87    -7.6     -0.9
  VAL pooled      13   9.2  +15.9%   +3.0%  54%   0%    +1.74   +15.9    +22.6

### PASS #4 BASE | (f@k-2==1 & bundle_eth>=1.0)   [behind1_15_h300]
  window       fires  /day    mean  median  win dead  $/burst   $/day  $ total
  sep1819         17  17.7   +9.1%   +1.1%  59%  24%    +0.86   +15.1    +14.6
  sep2021         35  24.1  +29.9%  +23.2%  71%   0%    +3.55   +85.7   +124.3
  sep2223         25  20.5  +28.7%  +20.6%  64%  20%    +3.40   +69.7    +85.1
  sep23day        12  32.7  +14.4%   -3.1%  42%   0%    +1.54   +50.4    +18.5
  FIT pooled      89  22.2  +23.5%  +18.2%  63%  10%    +2.72   +60.6   +242.4
  sep24paper      12  32.0  +23.8%   -0.9%  50%   8%    +2.76   +88.4    +33.2
  sep25night       1   2.7 +169.2% +169.2% 100%   0%   +21.66   +57.8    +21.7
  sep25am          1   3.6  -20.7%  -20.7%   0%   0%    -3.02   -11.0     -3.0
  sep25pm          3  10.9   +4.8%   +9.2%  67%   0%    +0.30    +3.3     +0.9
  sep25eve2        2  17.5  -11.2%  -11.2%   0%   0%    -1.78   -31.2     -3.6
  VAL pooled      19  13.4  +22.4%   -4.3%  47%   5%    +2.59   +34.7    +49.1

### PASS #5 BASE & not creator repeat   [behind1_15_h300]
  window       fires  /day    mean  median  win dead  $/burst   $/day  $ total
  sep1819         13  13.5  +24.8%   +7.5%  77%  15%    +2.90   +39.1    +37.7
  sep2021         29  20.0  +26.5%  +23.2%  72%   0%    +3.11   +62.3    +90.3
  sep2223         20  16.4  +35.9%  +22.5%  65%  15%    +4.34   +71.1    +86.8
  sep23day        10  27.3  +19.2%   -1.4%  50%   0%    +2.16   +59.0    +21.6
  FIT pooled      72  18.0  +27.8%  +21.5%  68%   7%    +3.28   +59.1   +236.4
  sep24paper       9  24.0   +1.8%   -4.3%  44%   0%    -0.10    -2.4     -0.9
  sep25night       1   2.7 +169.2% +169.2% 100%   0%   +21.66   +57.8    +21.7
  sep25am          0
  sep25pm          1   3.6   +9.2%   +9.2% 100%   0%    +0.86    +3.1     +0.9
  sep25eve2        1   8.7  -10.5%  -10.5%   0%   0%    -1.69   -14.8     -1.7
  VAL pooled      12   8.5  +15.3%   -0.9%  50%   0%    +1.66   +14.1    +19.9

### PASS #6 BASE | (f@k-2==1 & bundle_eth>=0.836)   [behind1_15_h300]
  window       fires  /day    mean  median  win dead  $/burst   $/day  $ total
  sep1819         18  18.7  +11.3%   +1.2%  61%  22%    +1.15   +21.4    +20.6
  sep2021         39  26.9  +24.8%  +22.2%  64%   3%    +2.89   +77.7   +112.6
  sep2223         28  22.9  +24.9%  +20.5%  64%  21%    +2.91   +66.7    +81.5
  sep23day        12  32.7  +14.4%   -3.1%  42%   0%    +1.54   +50.4    +18.5
  FIT pooled      97  24.2  +21.0%  +15.7%  61%  11%    +2.40   +58.3   +233.2
  sep24paper      12  32.0  +23.8%   -0.9%  50%   8%    +2.76   +88.4    +33.2
  sep25night       1   2.7 +169.2% +169.2% 100%   0%   +21.66   +57.8    +21.7
  sep25am          1   3.6  -20.7%  -20.7%   0%   0%    -3.02   -11.0     -3.0
  sep25pm          3  10.9   +4.8%   +9.2%  67%   0%    +0.30    +3.3     +0.9
  sep25eve2        2  17.5  -11.2%  -11.2%   0%   0%    -1.78   -31.2     -3.6
  VAL pooled      19  13.4  +22.4%   -4.3%  47%   5%    +2.59   +34.7    +49.1

### PASS #7 BASE & relay fleets@k-2>=1   [behind1_15_h300]
  window       fires  /day    mean  median  win dead  $/burst   $/day  $ total
  sep1819         14  14.5  +19.3%   +4.4%  71%  21%    +2.17   +31.6    +30.4
  sep2021         28  19.3  +27.9%  +23.7%  75%   0%    +3.29   +63.6    +92.2
  sep2223         20  16.4  +35.9%  +22.5%  65%  15%    +4.34   +71.1    +86.8
  sep23day        10  27.3  +19.2%   -1.4%  50%   0%    +2.16   +59.0    +21.6
  FIT pooled      72  18.0  +27.2%  +21.5%  68%   8%    +3.21   +57.8   +231.0
  sep24paper       9  24.0   +1.8%   -4.3%  44%   0%    -0.10    -2.4     -0.9
  sep25night       1   2.7 +169.2% +169.2% 100%   0%   +21.66   +57.8    +21.7
  sep25am          0
  sep25pm          1   3.6   +9.2%   +9.2% 100%   0%    +0.86    +3.1     +0.9
  sep25eve2        1   8.7  -10.5%  -10.5%   0%   0%    -1.69   -14.8     -1.7
  VAL pooled      12   8.5  +15.3%   -0.9%  50%   0%    +1.66   +14.1    +19.9

### PASS #8 BASE & maxshots@k-2>=3   [behind1_15_h300]
  window       fires  /day    mean  median  win dead  $/burst   $/day  $ total
  sep1819         13  13.5  +20.2%   +1.2%  69%  23%    +2.29   +30.9    +29.8
  sep2021         26  17.9  +29.0%  +23.7%  77%   0%    +3.44   +61.8    +89.5
  sep2223         18  14.7  +41.2%  +25.4%  67%  11%    +5.03   +74.2    +90.6
  sep23day         8  21.8  +22.6%   -1.4%  50%   0%    +2.61   +56.9    +20.9
  FIT pooled      65  16.2  +29.8%  +22.2%  69%   8%    +3.55   +57.7   +230.8
  sep24paper       7  18.7   +4.8%   +2.4%  57%   0%    +0.30    +5.5     +2.1
  sep25night       1   2.7 +169.2% +169.2% 100%   0%   +21.66   +57.8    +21.7
  sep25am          0
  sep25pm          1   3.6   +9.2%   +9.2% 100%   0%    +0.86    +3.1     +0.9
  sep25eve2        1   8.7  -10.5%  -10.5%   0%   0%    -1.69   -14.8     -1.7
  VAL pooled      10   7.1  +20.2%   +3.1%  60%   0%    +2.29   +16.2    +22.9

### PASS #9 BASE | (f@k-2==1 & k<=5)   [behind1_15_h300]
  window       fires  /day    mean  median  win dead  $/burst   $/day  $ total
  sep1819         15  15.6  +21.2%   +7.5%  73%  20%    +2.43   +37.9    +36.5
  sep2021         38  26.2  +17.1%  +20.0%  63%   3%    +1.89   +49.4    +71.7
  sep2223         27  22.1  +32.3%  +20.5%  67%  11%    +3.87   +85.7   +104.6
  sep23day        13  35.5  +12.7%   -3.1%  46%   8%    +1.32   +46.8    +17.2
  FIT pooled      93  23.2  +21.6%  +15.7%  63%   9%    +2.47   +57.5   +229.9
  sep24paper      13  34.7   +9.3%   -8.6%  38%   8%    +0.87   +30.3    +11.4
  sep25night       1   2.7 +169.2% +169.2% 100%   0%   +21.66   +57.8    +21.7
  sep25am          0
  sep25pm          2   7.3   +7.4%   +7.4% 100%   0%    +0.63    +4.6     +1.3
  sep25eve2        2  17.5  -11.2%  -11.2%   0%   0%    -1.78   -31.2     -3.6
  VAL pooled      18  12.7  +15.7%   -6.4%  44%   6%    +1.71   +21.7    +30.7

### MISS wallets>=1@k-2 (fails d)   [behind1_15_h300]
  window       fires  /day    mean  median  win dead  $/burst   $/day  $ total
  sep1819         22  22.9  +12.6%   +1.2%  64%  18%    +1.31   +30.0    +28.9
  sep2021         55  37.9  +13.8%   +5.7%  58%   7%    +1.46   +55.3    +80.2
  sep2223         43  35.2  +24.8%  +15.7%  56%  28%    +2.90  +102.2   +124.7
  sep23day        18  49.1   +7.2%   -3.1%  39%  11%    +0.61   +29.9    +11.0
  FIT pooled     138  34.5  +16.2%   +1.6%  56%  16%    +1.77   +61.2   +244.8
  sep24paper      16  42.7  +22.3%   -0.9%  50%   6%    +2.57  +109.7    +41.1
  sep25night       1   2.7 +169.2% +169.2% 100%   0%   +21.66   +57.8    +21.7
  sep25am          1   3.6  -20.7%  -20.7%   0%   0%    -3.02   -11.0     -3.0
  sep25pm          5  18.2  +14.0%   +9.2%  80%   0%    +1.49   +27.1     +7.5
  sep25eve2        2  17.5  -11.2%  -11.2%   0%   0%    -1.78   -31.2     -3.6
  VAL pooled      25  17.7  +22.1%   +2.4%  52%   4%    +2.55   +45.0    +63.7

### MISS BASE | (f@k-2==0 & named<4) (fails c)   [behind1_15_h300]
  window       fires  /day    mean  median  win dead  $/burst   $/day  $ total
  sep1819         24  24.9  +35.5%   +1.2%  62%  17%    +4.29  +106.9   +102.9
  sep2021         51  35.2  +17.8%  +18.9%  69%   8%    +1.98   +69.8   +101.2
  sep2223         44  36.0  +23.5%  +15.4%  66%   7%    +2.72   +98.0   +119.7
  sep23day        12  32.7  +12.2%   -3.0%  42%   8%    +1.26   +41.2    +15.1
  FIT pooled     131  32.8  +22.4%  +13.7%  64%   9%    +2.59   +84.7   +338.9
  sep24paper      16  42.7   -4.0%  -10.5%  25%   0%    -0.85   -36.2    -13.6
  sep25night       4  10.7  +59.6%  +39.3%  50%   0%    +7.42   +79.1    +29.7
  sep25am          0
  sep25pm          2   7.3  +29.6%  +29.6% 100%   0%    +3.52   +25.6     +7.0
  sep25eve2        3  26.2   -7.3%  -10.2%   0%   0%    -1.28   -33.4     -3.8
  VAL pooled      25  17.7   +8.5%   -7.8%  32%   0%    +0.77   +13.7    +19.3

### MISS wallets>=1@k-2, stop20 else 600 (fails d)   [behind1_15_stop20_h600]
  window       fires  /day    mean  median  win dead  $/burst   $/day  $ total
  sep1819         22  22.9  +28.1%  +12.2%  59%   0%    +3.32   +76.0    +73.1
  sep2021         55  37.9  +13.6%   -4.3%  44%   2%    +1.44   +54.6    +79.2
  sep2223         43  35.2  +27.6%   -4.5%  44%   7%    +3.26  +114.9   +140.2
  sep23day        18  49.1   +3.7%   -9.2%  33%   0%    +0.14    +7.1     +2.6
  FIT pooled     138  34.5  +19.0%   -4.0%  45%   3%    +2.14   +73.8   +295.1
  sep24paper      16  42.7  +27.0%   +4.7%  50%   0%    +3.17  +135.5    +50.8
  sep25night       1   2.7 +169.2% +169.2% 100%   0%   +21.66   +57.8    +21.7
  sep25am          1   3.6  -33.2%  -33.2%   0%   0%    -4.65   -16.9     -4.6
  sep25pm          5  18.2  +21.6%   +5.6%  60%   0%    +2.48   +45.1    +12.4
  sep25eve2        2  17.5  -13.6%  -13.6%   0%   0%    -2.10   -36.6     -4.2
  VAL pooled      25  17.7  +25.9%   -7.0%  48%   0%    +3.04   +53.7    +76.0
